Copyright 1986-2017 Xilinx, Inc. All Rights Reserved.
--------------------------------------------------------------------------------------
| Tool Version : Vivado v.2017.3.1 (win64) Build 2035080 Fri Oct 20 14:20:01 MDT 2017
| Date         : Fri Nov 17 11:23:40 2017
| Host         : MSI running 64-bit major release  (build 9200)
| Command      : report_control_sets -file top_microblaze_control_sets_placed.rpt
| Design       : top_microblaze
| Device       : xc7a35ti
--------------------------------------------------------------------------------------

Control Set Information

Table of Contents
-----------------
1. Summary
2. Flip-Flop Distribution

1. Summary
----------

+-------------------------------+-------+
|             Status            | Count |
+-------------------------------+-------+
| Number of unique control sets |    68 |
+-------------------------------+-------+


2. Flip-Flop Distribution
-------------------------

+--------------+-----------------------+------------------------+-----------------+--------------+
| Clock Enable | Synchronous Set/Reset | Asynchronous Set/Reset | Total Registers | Total Slices |
+--------------+-----------------------+------------------------+-----------------+--------------+
| No           | No                    | No                     |             344 |          112 |
| No           | No                    | Yes                    |              29 |            9 |
| No           | Yes                   | No                     |             321 |          123 |
| Yes          | No                    | No                     |             236 |           66 |
| Yes          | No                    | Yes                    |              15 |            8 |
| Yes          | Yes                   | No                     |             674 |          221 |
+--------------+-----------------------+------------------------+-----------------+--------------+


