Copyright 1986-2017 Xilinx, Inc. All Rights Reserved.
----------------------------------------------------------------------------------------------------------------------------------------------------------------
| Tool Version     : Vivado v.2017.3.1 (win64) Build 2035080 Fri Oct 20 14:20:01 MDT 2017
| Date             : Fri Nov 17 11:24:09 2017
| Host             : MSI running 64-bit major release  (build 9200)
| Command          : report_power -file top_microblaze_power_routed.rpt -pb top_microblaze_power_summary_routed.pb -rpx top_microblaze_power_routed.rpx
| Design           : top_microblaze
| Device           : xc7a35ticsg324-1L
| Design State     : routed
| Grade            : industrial
| Process          : typical
| Characterization : Advance
----------------------------------------------------------------------------------------------------------------------------------------------------------------

Power Report

Table of Contents
-----------------
1. Summary
1.1 On-Chip Components
1.2 Power Supply Summary
1.3 Confidence Level
2. Settings
2.1 Environment
2.2 Clock Constraints
3. Detailed Reports
3.1 By Hierarchy

1. Summary
----------

+--------------------------+--------------+
| Total On-Chip Power (W)  | 0.188        |
| Design Power Budget (W)  | Unspecified* |
| Power Budget Margin (W)  | NA           |
| Dynamic (W)              | 0.126        |
| Device Static (W)        | 0.062        |
| Effective TJA (C/W)      | 4.8          |
| Max Ambient (C)          | 99.1         |
| Junction Temperature (C) | 25.9         |
| Confidence Level         | Medium       |
| Setting File             | ---          |
| Simulation Activity File | ---          |
| Design Nets Matched      | NA           |
+--------------------------+--------------+
* Specify Design Power Budget using, set_operating_conditions -design_power_budget <value in Watts>


1.1 On-Chip Components
----------------------

+--------------------------+-----------+----------+-----------+-----------------+
| On-Chip                  | Power (W) | Used     | Available | Utilization (%) |
+--------------------------+-----------+----------+-----------+-----------------+
| Clocks                   |     0.008 |       10 |       --- |             --- |
| Slice Logic              |     0.003 |     4145 |       --- |             --- |
|   LUT as Logic           |     0.002 |     1418 |     20800 |            6.82 |
|   LUT as Distributed RAM |    <0.001 |       64 |      9600 |            0.67 |
|   Register               |    <0.001 |     1620 |     41600 |            3.89 |
|   CARRY4                 |    <0.001 |       38 |      8150 |            0.47 |
|   F7/F8 Muxes            |    <0.001 |      108 |     32600 |            0.33 |
|   LUT as Shift Register  |    <0.001 |       72 |      9600 |            0.75 |
|   Others                 |    <0.001 |      455 |       --- |             --- |
| Signals                  |     0.004 |     2914 |       --- |             --- |
| Block RAM                |     0.006 |      8.5 |        50 |           17.00 |
| MMCM                     |     0.106 |        1 |         5 |           20.00 |
| I/O                      |    <0.001 |        8 |       210 |            3.81 |
| Static Power             |     0.062 |          |           |                 |
| Total                    |     0.188 |          |           |                 |
+--------------------------+-----------+----------+-----------+-----------------+


1.2 Power Supply Summary
------------------------

+-----------+-------------+-----------+-------------+------------+
| Source    | Voltage (V) | Total (A) | Dynamic (A) | Static (A) |
+-----------+-------------+-----------+-------------+------------+
| Vccint    |       0.950 |     0.027 |       0.021 |      0.006 |
| Vccaux    |       1.800 |     0.070 |       0.059 |      0.011 |
| Vcco33    |       3.300 |     0.001 |       0.000 |      0.001 |
| Vcco25    |       2.500 |     0.000 |       0.000 |      0.000 |
| Vcco18    |       1.800 |     0.000 |       0.000 |      0.000 |
| Vcco15    |       1.500 |     0.000 |       0.000 |      0.000 |
| Vcco135   |       1.350 |     0.000 |       0.000 |      0.000 |
| Vcco12    |       1.200 |     0.000 |       0.000 |      0.000 |
| Vccaux_io |       1.800 |     0.000 |       0.000 |      0.000 |
| Vccbram   |       0.950 |     0.001 |       0.000 |      0.000 |
| MGTAVcc   |       1.000 |     0.000 |       0.000 |      0.000 |
| MGTAVtt   |       1.200 |     0.000 |       0.000 |      0.000 |
| Vccadc    |       1.800 |     0.018 |       0.000 |      0.018 |
+-----------+-------------+-----------+-------------+------------+


1.3 Confidence Level
--------------------

+-----------------------------+------------+-------------------------------------------------------+------------------------------------------------------------------------------------------------------------+
| User Input Data             | Confidence | Details                                               | Action                                                                                                     |
+-----------------------------+------------+-------------------------------------------------------+------------------------------------------------------------------------------------------------------------+
| Design implementation state | High       | Design is routed                                      |                                                                                                            |
| Clock nodes activity        | High       | User specified more than 95% of clocks                |                                                                                                            |
| I/O nodes activity          | Medium     | More than 5% of inputs are missing user specification | Provide missing input activity with simulation results or by editing the "By Resource Type -> I/Os" view   |
| Internal nodes activity     | Medium     | User specified less than 25% of internal nodes        | Provide missing internal nodes activity with simulation results or by editing the "By Resource Type" views |
| Device models               | Medium     | Device models are not Production                      | Device models may change and in turn slightly affect accuracy                                              |
|                             |            |                                                       |                                                                                                            |
| Overall confidence level    | Medium     |                                                       |                                                                                                            |
+-----------------------------+------------+-------------------------------------------------------+------------------------------------------------------------------------------------------------------------+


2. Settings
-----------

2.1 Environment
---------------

+-----------------------+--------------------------+
| Ambient Temp (C)      | 25.0                     |
| ThetaJA (C/W)         | 4.8                      |
| Airflow (LFM)         | 250                      |
| Heat Sink             | medium (Medium Profile)  |
| ThetaSA (C/W)         | 4.6                      |
| Board Selection       | medium (10"x10")         |
| # of Board Layers     | 12to15 (12 to 15 Layers) |
| Board Temperature (C) | 25.0                     |
+-----------------------+--------------------------+


2.2 Clock Constraints
---------------------

+-------------------------------------------------------+----------------------------------------------------+-----------------+
| Clock                                                 | Domain                                             | Constraint (ns) |
+-------------------------------------------------------+----------------------------------------------------+-----------------+
| CLK                                                   | CLK                                                |            10.0 |
| clk_out1_design_1_clk_wiz_1_0                         | u_MCU/clk_wiz_1/inst/clk_out1_design_1_clk_wiz_1_0 |            10.0 |
| clk_out1_design_1_clk_wiz_1_0_1                       | u_MCU/clk_wiz_1/inst/clk_out1_design_1_clk_wiz_1_0 |            10.0 |
| clkfbout_design_1_clk_wiz_1_0                         | u_MCU/clk_wiz_1/inst/clkfbout_design_1_clk_wiz_1_0 |            10.0 |
| clkfbout_design_1_clk_wiz_1_0_1                       | u_MCU/clk_wiz_1/inst/clkfbout_design_1_clk_wiz_1_0 |            10.0 |
| sys_clk_pin                                           | CLK                                                |            10.0 |
| u_MCU/mdm_1/U0/Use_E2.BSCAN_I/Use_E2.BSCANE2_I/DRCK   | u_MCU/mdm_1/U0/Use_E2.BSCAN_I/drck_i               |            33.3 |
| u_MCU/mdm_1/U0/Use_E2.BSCAN_I/Use_E2.BSCANE2_I/UPDATE | u_MCU/mdm_1/U0/Use_E2.BSCAN_I/Ext_JTAG_UPDATE      |            33.3 |
+-------------------------------------------------------+----------------------------------------------------+-----------------+


3. Detailed Reports
-------------------

3.1 By Hierarchy
----------------

+------------------------------------------------------------------------------------+-----------+
| Name                                                                               | Power (W) |
+------------------------------------------------------------------------------------+-----------+
| top_microblaze                                                                     |     0.126 |
|   u_MCU                                                                            |     0.124 |
|     axi_gpio_0                                                                     |     0.002 |
|       U0                                                                           |     0.002 |
|         AXI_LITE_IPIF_I                                                            |    <0.001 |
|           I_SLAVE_ATTACHMENT                                                       |    <0.001 |
|             I_DECODER                                                              |    <0.001 |
|         gpio_core_1                                                                |     0.001 |
|           Not_Dual.INPUT_DOUBLE_REGS3                                              |    <0.001 |
|     axi_uartlite_0                                                                 |    <0.001 |
|       U0                                                                           |    <0.001 |
|         AXI_LITE_IPIF_I                                                            |    <0.001 |
|           I_SLAVE_ATTACHMENT                                                       |    <0.001 |
|             I_DECODER                                                              |    <0.001 |
|               MEM_DECODE_GEN[0].PER_CE_GEN[0].MULTIPLE_CES_THIS_CS_GEN.CE_I        |    <0.001 |
|               MEM_DECODE_GEN[0].PER_CE_GEN[2].MULTIPLE_CES_THIS_CS_GEN.CE_I        |    <0.001 |
|         UARTLITE_CORE_I                                                            |    <0.001 |
|           BAUD_RATE_I                                                              |    <0.001 |
|           UARTLITE_RX_I                                                            |    <0.001 |
|             DELAY_16_I                                                             |    <0.001 |
|             INPUT_DOUBLE_REGS3                                                     |    <0.001 |
|             SRL_FIFO_I                                                             |    <0.001 |
|               I_SRL_FIFO_RBU_F                                                     |    <0.001 |
|                 CNTR_INCR_DECR_ADDN_F_I                                            |    <0.001 |
|                 DYNSHREG_F_I                                                       |    <0.001 |
|           UARTLITE_TX_I                                                            |    <0.001 |
|             MID_START_BIT_SRL16_I                                                  |    <0.001 |
|             SRL_FIFO_I                                                             |    <0.001 |
|               I_SRL_FIFO_RBU_F                                                     |    <0.001 |
|                 CNTR_INCR_DECR_ADDN_F_I                                            |    <0.001 |
|                 DYNSHREG_F_I                                                       |    <0.001 |
|     clk_wiz_1                                                                      |     0.106 |
|       inst                                                                         |     0.106 |
|     mdm_1                                                                          |    <0.001 |
|       U0                                                                           |    <0.001 |
|         MDM_Core_I1                                                                |    <0.001 |
|           JTAG_CONTROL_I                                                           |    <0.001 |
|             Use_BSCAN.FDC_I                                                        |    <0.001 |
|             Use_BSCAN.SYNC_FDRE                                                    |    <0.001 |
|             Use_Config_SRL16E.SRL16E_1                                             |    <0.001 |
|             Use_Config_SRL16E.SRL16E_2                                             |    <0.001 |
|             Use_ID_SRL16E.SRL16E_ID_1                                              |    <0.001 |
|             Use_ID_SRL16E.SRL16E_ID_2                                              |    <0.001 |
|         No_Dbg_Reg_Access.BUFG_DRCK                                                |    <0.001 |
|         Use_E2.BSCAN_I                                                             |    <0.001 |
|     microblaze_0                                                                   |     0.010 |
|       U0                                                                           |     0.010 |
|         MicroBlaze_Core_I                                                          |     0.010 |
|           Performance.Core                                                         |     0.010 |
|             Data_Flow_I                                                            |     0.004 |
|               ALU_I                                                                |    <0.001 |
|                 Using_FPGA.ALL_Bits[0].ALU_Bit_I1                                  |    <0.001 |
|                   Last_Bit.I_ALU_LUT_2                                             |    <0.001 |
|                   Last_Bit.I_ALU_LUT_V5                                            |    <0.001 |
|                   Last_Bit.MULT_AND_I                                              |    <0.001 |
|                   Last_Bit.MUXCY_XOR_I                                             |    <0.001 |
|                 Using_FPGA.ALL_Bits[10].ALU_Bit_I1                                 |    <0.001 |
|                   Not_Last_Bit.I_ALU_LUT_V5                                        |    <0.001 |
|                     Using_FPGA.Native                                              |    <0.001 |
|                   Not_Last_Bit.MUXCY_XOR_I                                         |    <0.001 |
|                 Using_FPGA.ALL_Bits[11].ALU_Bit_I1                                 |    <0.001 |
|                   Not_Last_Bit.I_ALU_LUT_V5                                        |    <0.001 |
|                     Using_FPGA.Native                                              |    <0.001 |
|                   Not_Last_Bit.MUXCY_XOR_I                                         |     0.000 |
|                 Using_FPGA.ALL_Bits[12].ALU_Bit_I1                                 |    <0.001 |
|                   Not_Last_Bit.I_ALU_LUT_V5                                        |    <0.001 |
|                     Using_FPGA.Native                                              |    <0.001 |
|                   Not_Last_Bit.MUXCY_XOR_I                                         |     0.000 |
|                 Using_FPGA.ALL_Bits[13].ALU_Bit_I1                                 |    <0.001 |
|                   Not_Last_Bit.I_ALU_LUT_V5                                        |    <0.001 |
|                     Using_FPGA.Native                                              |    <0.001 |
|                   Not_Last_Bit.MUXCY_XOR_I                                         |     0.000 |
|                 Using_FPGA.ALL_Bits[14].ALU_Bit_I1                                 |    <0.001 |
|                   Not_Last_Bit.I_ALU_LUT_V5                                        |    <0.001 |
|                     Using_FPGA.Native                                              |    <0.001 |
|                   Not_Last_Bit.MUXCY_XOR_I                                         |    <0.001 |
|                 Using_FPGA.ALL_Bits[15].ALU_Bit_I1                                 |    <0.001 |
|                   Not_Last_Bit.I_ALU_LUT_V5                                        |    <0.001 |
|                     Using_FPGA.Native                                              |    <0.001 |
|                   Not_Last_Bit.MUXCY_XOR_I                                         |     0.000 |
|                 Using_FPGA.ALL_Bits[16].ALU_Bit_I1                                 |    <0.001 |
|                   Not_Last_Bit.I_ALU_LUT_V5                                        |    <0.001 |
|                     Using_FPGA.Native                                              |    <0.001 |
|                   Not_Last_Bit.MUXCY_XOR_I                                         |     0.000 |
|                 Using_FPGA.ALL_Bits[17].ALU_Bit_I1                                 |    <0.001 |
|                   Not_Last_Bit.I_ALU_LUT_V5                                        |    <0.001 |
|                     Using_FPGA.Native                                              |    <0.001 |
|                   Not_Last_Bit.MUXCY_XOR_I                                         |     0.000 |
|                 Using_FPGA.ALL_Bits[18].ALU_Bit_I1                                 |    <0.001 |
|                   Not_Last_Bit.I_ALU_LUT_V5                                        |    <0.001 |
|                     Using_FPGA.Native                                              |    <0.001 |
|                   Not_Last_Bit.MUXCY_XOR_I                                         |    <0.001 |
|                 Using_FPGA.ALL_Bits[19].ALU_Bit_I1                                 |    <0.001 |
|                   Not_Last_Bit.I_ALU_LUT_V5                                        |    <0.001 |
|                     Using_FPGA.Native                                              |    <0.001 |
|                   Not_Last_Bit.MUXCY_XOR_I                                         |     0.000 |
|                 Using_FPGA.ALL_Bits[1].ALU_Bit_I1                                  |    <0.001 |
|                   Not_Last_Bit.I_ALU_LUT_V5                                        |    <0.001 |
|                     Using_FPGA.Native                                              |    <0.001 |
|                   Not_Last_Bit.MUXCY_XOR_I                                         |     0.000 |
|                 Using_FPGA.ALL_Bits[20].ALU_Bit_I1                                 |    <0.001 |
|                   Not_Last_Bit.I_ALU_LUT_V5                                        |    <0.001 |
|                     Using_FPGA.Native                                              |    <0.001 |
|                   Not_Last_Bit.MUXCY_XOR_I                                         |     0.000 |
|                 Using_FPGA.ALL_Bits[21].ALU_Bit_I1                                 |    <0.001 |
|                   Not_Last_Bit.I_ALU_LUT_V5                                        |    <0.001 |
|                     Using_FPGA.Native                                              |    <0.001 |
|                   Not_Last_Bit.MUXCY_XOR_I                                         |     0.000 |
|                 Using_FPGA.ALL_Bits[22].ALU_Bit_I1                                 |    <0.001 |
|                   Not_Last_Bit.I_ALU_LUT_V5                                        |    <0.001 |
|                     Using_FPGA.Native                                              |    <0.001 |
|                   Not_Last_Bit.MUXCY_XOR_I                                         |    <0.001 |
|                 Using_FPGA.ALL_Bits[23].ALU_Bit_I1                                 |    <0.001 |
|                   Not_Last_Bit.I_ALU_LUT_V5                                        |    <0.001 |
|                     Using_FPGA.Native                                              |    <0.001 |
|                   Not_Last_Bit.MUXCY_XOR_I                                         |     0.000 |
|                 Using_FPGA.ALL_Bits[24].ALU_Bit_I1                                 |    <0.001 |
|                   Not_Last_Bit.I_ALU_LUT_V5                                        |    <0.001 |
|                     Using_FPGA.Native                                              |    <0.001 |
|                   Not_Last_Bit.MUXCY_XOR_I                                         |     0.000 |
|                 Using_FPGA.ALL_Bits[25].ALU_Bit_I1                                 |    <0.001 |
|                   Not_Last_Bit.I_ALU_LUT_V5                                        |    <0.001 |
|                     Using_FPGA.Native                                              |    <0.001 |
|                   Not_Last_Bit.MUXCY_XOR_I                                         |     0.000 |
|                 Using_FPGA.ALL_Bits[26].ALU_Bit_I1                                 |    <0.001 |
|                   Not_Last_Bit.I_ALU_LUT_V5                                        |    <0.001 |
|                     Using_FPGA.Native                                              |    <0.001 |
|                   Not_Last_Bit.MUXCY_XOR_I                                         |    <0.001 |
|                 Using_FPGA.ALL_Bits[27].ALU_Bit_I1                                 |    <0.001 |
|                   Not_Last_Bit.I_ALU_LUT_V5                                        |    <0.001 |
|                     Using_FPGA.Native                                              |    <0.001 |
|                   Not_Last_Bit.MUXCY_XOR_I                                         |     0.000 |
|                 Using_FPGA.ALL_Bits[28].ALU_Bit_I1                                 |    <0.001 |
|                   Not_Last_Bit.I_ALU_LUT_V5                                        |    <0.001 |
|                     Using_FPGA.Native                                              |    <0.001 |
|                   Not_Last_Bit.MUXCY_XOR_I                                         |     0.000 |
|                 Using_FPGA.ALL_Bits[29].ALU_Bit_I1                                 |    <0.001 |
|                   Not_Last_Bit.I_ALU_LUT_V5                                        |    <0.001 |
|                     Using_FPGA.Native                                              |    <0.001 |
|                   Not_Last_Bit.MUXCY_XOR_I                                         |     0.000 |
|                 Using_FPGA.ALL_Bits[2].ALU_Bit_I1                                  |    <0.001 |
|                   Not_Last_Bit.I_ALU_LUT_V5                                        |    <0.001 |
|                     Using_FPGA.Native                                              |    <0.001 |
|                   Not_Last_Bit.MUXCY_XOR_I                                         |    <0.001 |
|                 Using_FPGA.ALL_Bits[30].ALU_Bit_I1                                 |    <0.001 |
|                   Not_Last_Bit.I_ALU_LUT_V5                                        |    <0.001 |
|                     Using_FPGA.Native                                              |    <0.001 |
|                   Not_Last_Bit.MUXCY_XOR_I                                         |    <0.001 |
|                 Using_FPGA.ALL_Bits[31].ALU_Bit_I1                                 |    <0.001 |
|                   Not_Last_Bit.I_ALU_LUT_V5                                        |    <0.001 |
|                     Using_FPGA.Native                                              |    <0.001 |
|                   Not_Last_Bit.MUXCY_XOR_I                                         |     0.000 |
|                 Using_FPGA.ALL_Bits[3].ALU_Bit_I1                                  |    <0.001 |
|                   Not_Last_Bit.I_ALU_LUT_V5                                        |    <0.001 |
|                     Using_FPGA.Native                                              |    <0.001 |
|                   Not_Last_Bit.MUXCY_XOR_I                                         |     0.000 |
|                 Using_FPGA.ALL_Bits[4].ALU_Bit_I1                                  |    <0.001 |
|                   Not_Last_Bit.I_ALU_LUT_V5                                        |    <0.001 |
|                     Using_FPGA.Native                                              |    <0.001 |
|                   Not_Last_Bit.MUXCY_XOR_I                                         |     0.000 |
|                 Using_FPGA.ALL_Bits[5].ALU_Bit_I1                                  |    <0.001 |
|                   Not_Last_Bit.I_ALU_LUT_V5                                        |    <0.001 |
|                     Using_FPGA.Native                                              |    <0.001 |
|                   Not_Last_Bit.MUXCY_XOR_I                                         |     0.000 |
|                 Using_FPGA.ALL_Bits[6].ALU_Bit_I1                                  |    <0.001 |
|                   Not_Last_Bit.I_ALU_LUT_V5                                        |    <0.001 |
|                     Using_FPGA.Native                                              |    <0.001 |
|                   Not_Last_Bit.MUXCY_XOR_I                                         |    <0.001 |
|                 Using_FPGA.ALL_Bits[7].ALU_Bit_I1                                  |    <0.001 |
|                   Not_Last_Bit.I_ALU_LUT_V5                                        |    <0.001 |
|                     Using_FPGA.Native                                              |    <0.001 |
|                   Not_Last_Bit.MUXCY_XOR_I                                         |     0.000 |
|                 Using_FPGA.ALL_Bits[8].ALU_Bit_I1                                  |    <0.001 |
|                   Not_Last_Bit.I_ALU_LUT_V5                                        |    <0.001 |
|                     Using_FPGA.Native                                              |    <0.001 |
|                   Not_Last_Bit.MUXCY_XOR_I                                         |     0.000 |
|                 Using_FPGA.ALL_Bits[9].ALU_Bit_I1                                  |    <0.001 |
|                   Not_Last_Bit.I_ALU_LUT_V5                                        |    <0.001 |
|                     Using_FPGA.Native                                              |    <0.001 |
|                   Not_Last_Bit.MUXCY_XOR_I                                         |     0.000 |
|               Byte_Doublet_Handle_gti_I                                            |    <0.001 |
|               Data_Flow_Logic_I                                                    |    <0.001 |
|                 Gen_Bits[0].MEM_EX_Result_Inst                                     |    <0.001 |
|                 Gen_Bits[10].MEM_EX_Result_Inst                                    |    <0.001 |
|                 Gen_Bits[11].MEM_EX_Result_Inst                                    |    <0.001 |
|                 Gen_Bits[12].MEM_EX_Result_Inst                                    |    <0.001 |
|                 Gen_Bits[13].MEM_EX_Result_Inst                                    |    <0.001 |
|                 Gen_Bits[14].MEM_EX_Result_Inst                                    |    <0.001 |
|                 Gen_Bits[15].MEM_EX_Result_Inst                                    |    <0.001 |
|                 Gen_Bits[16].MEM_EX_Result_Inst                                    |    <0.001 |
|                 Gen_Bits[17].MEM_EX_Result_Inst                                    |    <0.001 |
|                 Gen_Bits[18].MEM_EX_Result_Inst                                    |    <0.001 |
|                 Gen_Bits[19].MEM_EX_Result_Inst                                    |    <0.001 |
|                 Gen_Bits[1].MEM_EX_Result_Inst                                     |    <0.001 |
|                 Gen_Bits[20].MEM_EX_Result_Inst                                    |    <0.001 |
|                 Gen_Bits[21].MEM_EX_Result_Inst                                    |    <0.001 |
|                 Gen_Bits[22].MEM_EX_Result_Inst                                    |    <0.001 |
|                 Gen_Bits[23].MEM_EX_Result_Inst                                    |    <0.001 |
|                 Gen_Bits[24].MEM_EX_Result_Inst                                    |    <0.001 |
|                 Gen_Bits[25].MEM_EX_Result_Inst                                    |    <0.001 |
|                 Gen_Bits[26].MEM_EX_Result_Inst                                    |    <0.001 |
|                 Gen_Bits[27].MEM_EX_Result_Inst                                    |    <0.001 |
|                 Gen_Bits[28].MEM_EX_Result_Inst                                    |    <0.001 |
|                 Gen_Bits[29].MEM_EX_Result_Inst                                    |    <0.001 |
|                 Gen_Bits[2].MEM_EX_Result_Inst                                     |    <0.001 |
|                 Gen_Bits[30].MEM_EX_Result_Inst                                    |    <0.001 |
|                 Gen_Bits[31].MEM_EX_Result_Inst                                    |    <0.001 |
|                 Gen_Bits[3].MEM_EX_Result_Inst                                     |    <0.001 |
|                 Gen_Bits[4].MEM_EX_Result_Inst                                     |    <0.001 |
|                 Gen_Bits[5].MEM_EX_Result_Inst                                     |    <0.001 |
|                 Gen_Bits[6].MEM_EX_Result_Inst                                     |    <0.001 |
|                 Gen_Bits[7].MEM_EX_Result_Inst                                     |    <0.001 |
|                 Gen_Bits[8].MEM_EX_Result_Inst                                     |    <0.001 |
|                 Gen_Bits[9].MEM_EX_Result_Inst                                     |    <0.001 |
|               Operand_Select_I                                                     |     0.001 |
|                 Gen_Bit[0].MUXF7_I1                                                |    <0.001 |
|                 Gen_Bit[10].MUXF7_I1                                               |    <0.001 |
|                 Gen_Bit[11].MUXF7_I1                                               |    <0.001 |
|                 Gen_Bit[12].MUXF7_I1                                               |    <0.001 |
|                 Gen_Bit[13].MUXF7_I1                                               |    <0.001 |
|                 Gen_Bit[14].MUXF7_I1                                               |    <0.001 |
|                 Gen_Bit[15].MUXF7_I1                                               |    <0.001 |
|                 Gen_Bit[16].MUXF7_I1                                               |    <0.001 |
|                 Gen_Bit[17].MUXF7_I1                                               |    <0.001 |
|                 Gen_Bit[18].MUXF7_I1                                               |    <0.001 |
|                 Gen_Bit[19].MUXF7_I1                                               |    <0.001 |
|                 Gen_Bit[1].MUXF7_I1                                                |    <0.001 |
|                 Gen_Bit[20].MUXF7_I1                                               |    <0.001 |
|                 Gen_Bit[21].MUXF7_I1                                               |    <0.001 |
|                 Gen_Bit[22].MUXF7_I1                                               |    <0.001 |
|                 Gen_Bit[23].MUXF7_I1                                               |    <0.001 |
|                 Gen_Bit[24].MUXF7_I1                                               |    <0.001 |
|                 Gen_Bit[25].MUXF7_I1                                               |    <0.001 |
|                 Gen_Bit[26].MUXF7_I1                                               |    <0.001 |
|                 Gen_Bit[27].MUXF7_I1                                               |    <0.001 |
|                 Gen_Bit[28].MUXF7_I1                                               |    <0.001 |
|                 Gen_Bit[29].MUXF7_I1                                               |    <0.001 |
|                 Gen_Bit[2].MUXF7_I1                                                |    <0.001 |
|                 Gen_Bit[30].MUXF7_I1                                               |    <0.001 |
|                 Gen_Bit[31].MUXF7_I1                                               |    <0.001 |
|                 Gen_Bit[3].MUXF7_I1                                                |    <0.001 |
|                 Gen_Bit[4].MUXF7_I1                                                |    <0.001 |
|                 Gen_Bit[5].MUXF7_I1                                                |    <0.001 |
|                 Gen_Bit[6].MUXF7_I1                                                |    <0.001 |
|                 Gen_Bit[7].MUXF7_I1                                                |    <0.001 |
|                 Gen_Bit[8].MUXF7_I1                                                |    <0.001 |
|                 Gen_Bit[9].MUXF7_I1                                                |    <0.001 |
|               Register_File_I                                                      |     0.001 |
|                 Using_LUT6.All_RAM32M[0].ram32m_i                                  |    <0.001 |
|                   Using_FPGA.Native                                                |    <0.001 |
|                 Using_LUT6.All_RAM32M[10].ram32m_i                                 |    <0.001 |
|                   Using_FPGA.Native                                                |    <0.001 |
|                 Using_LUT6.All_RAM32M[11].ram32m_i                                 |    <0.001 |
|                   Using_FPGA.Native                                                |    <0.001 |
|                 Using_LUT6.All_RAM32M[12].ram32m_i                                 |    <0.001 |
|                   Using_FPGA.Native                                                |    <0.001 |
|                 Using_LUT6.All_RAM32M[13].ram32m_i                                 |    <0.001 |
|                   Using_FPGA.Native                                                |    <0.001 |
|                 Using_LUT6.All_RAM32M[14].ram32m_i                                 |    <0.001 |
|                   Using_FPGA.Native                                                |    <0.001 |
|                 Using_LUT6.All_RAM32M[15].ram32m_i                                 |    <0.001 |
|                   Using_FPGA.Native                                                |    <0.001 |
|                 Using_LUT6.All_RAM32M[1].ram32m_i                                  |    <0.001 |
|                   Using_FPGA.Native                                                |    <0.001 |
|                 Using_LUT6.All_RAM32M[2].ram32m_i                                  |    <0.001 |
|                   Using_FPGA.Native                                                |    <0.001 |
|                 Using_LUT6.All_RAM32M[3].ram32m_i                                  |    <0.001 |
|                   Using_FPGA.Native                                                |    <0.001 |
|                 Using_LUT6.All_RAM32M[4].ram32m_i                                  |    <0.001 |
|                   Using_FPGA.Native                                                |    <0.001 |
|                 Using_LUT6.All_RAM32M[5].ram32m_i                                  |    <0.001 |
|                   Using_FPGA.Native                                                |    <0.001 |
|                 Using_LUT6.All_RAM32M[6].ram32m_i                                  |    <0.001 |
|                   Using_FPGA.Native                                                |    <0.001 |
|                 Using_LUT6.All_RAM32M[7].ram32m_i                                  |    <0.001 |
|                   Using_FPGA.Native                                                |    <0.001 |
|                 Using_LUT6.All_RAM32M[8].ram32m_i                                  |    <0.001 |
|                   Using_FPGA.Native                                                |    <0.001 |
|                 Using_LUT6.All_RAM32M[9].ram32m_i                                  |    <0.001 |
|                   Using_FPGA.Native                                                |    <0.001 |
|               Shift_Logic_Module_I                                                 |     0.000 |
|               Using_DAXI_ALU_Carry.Direct_MUXCY_I                                  |    <0.001 |
|               Using_DAXI_ALU_Carry.Post_MUXCY_I                                    |     0.000 |
|               Using_DAXI_ALU_Carry.direct_lut_INST                                 |     0.000 |
|               Zero_Detect_I                                                        |    <0.001 |
|                 Part_Of_Zero_Carry_Start                                           |    <0.001 |
|                 Zero_Detecting[2].I_Part_Of_Zero_Detect                            |     0.000 |
|                 Zero_Detecting[3].I_Part_Of_Zero_Detect                            |    <0.001 |
|               exception_registers_I1                                               |    <0.001 |
|                 CarryIn_MUXCY                                                      |    <0.001 |
|                 Using_FPGA_LUT6.Gen_Ret_Addr[0].I_RET_ADDR_WB                      |    <0.001 |
|                   Using_FPGA.Native                                                |    <0.001 |
|                 Using_FPGA_LUT6.Gen_Ret_Addr[0].MUXCY_XOR_I                        |    <0.001 |
|                 Using_FPGA_LUT6.Gen_Ret_Addr[0].WB_PC_FDE                          |    <0.001 |
|                 Using_FPGA_LUT6.Gen_Ret_Addr[10].I_RET_ADDR_WB                     |    <0.001 |
|                   Using_FPGA.Native                                                |    <0.001 |
|                 Using_FPGA_LUT6.Gen_Ret_Addr[10].MUXCY_XOR_I                       |     0.000 |
|                 Using_FPGA_LUT6.Gen_Ret_Addr[10].WB_PC_FDE                         |    <0.001 |
|                 Using_FPGA_LUT6.Gen_Ret_Addr[11].I_RET_ADDR_WB                     |    <0.001 |
|                   Using_FPGA.Native                                                |    <0.001 |
|                 Using_FPGA_LUT6.Gen_Ret_Addr[11].MUXCY_XOR_I                       |     0.000 |
|                 Using_FPGA_LUT6.Gen_Ret_Addr[11].WB_PC_FDE                         |    <0.001 |
|                 Using_FPGA_LUT6.Gen_Ret_Addr[12].I_RET_ADDR_WB                     |    <0.001 |
|                   Using_FPGA.Native                                                |    <0.001 |
|                 Using_FPGA_LUT6.Gen_Ret_Addr[12].MUXCY_XOR_I                       |    <0.001 |
|                 Using_FPGA_LUT6.Gen_Ret_Addr[12].WB_PC_FDE                         |    <0.001 |
|                 Using_FPGA_LUT6.Gen_Ret_Addr[13].I_RET_ADDR_WB                     |    <0.001 |
|                   Using_FPGA.Native                                                |    <0.001 |
|                 Using_FPGA_LUT6.Gen_Ret_Addr[13].MUXCY_XOR_I                       |     0.000 |
|                 Using_FPGA_LUT6.Gen_Ret_Addr[13].WB_PC_FDE                         |    <0.001 |
|                 Using_FPGA_LUT6.Gen_Ret_Addr[14].I_RET_ADDR_WB                     |    <0.001 |
|                   Using_FPGA.Native                                                |    <0.001 |
|                 Using_FPGA_LUT6.Gen_Ret_Addr[14].MUXCY_XOR_I                       |     0.000 |
|                 Using_FPGA_LUT6.Gen_Ret_Addr[14].WB_PC_FDE                         |    <0.001 |
|                 Using_FPGA_LUT6.Gen_Ret_Addr[15].I_RET_ADDR_WB                     |    <0.001 |
|                   Using_FPGA.Native                                                |    <0.001 |
|                 Using_FPGA_LUT6.Gen_Ret_Addr[15].MUXCY_XOR_I                       |     0.000 |
|                 Using_FPGA_LUT6.Gen_Ret_Addr[15].WB_PC_FDE                         |    <0.001 |
|                 Using_FPGA_LUT6.Gen_Ret_Addr[16].I_RET_ADDR_WB                     |    <0.001 |
|                   Using_FPGA.Native                                                |    <0.001 |
|                 Using_FPGA_LUT6.Gen_Ret_Addr[16].MUXCY_XOR_I                       |    <0.001 |
|                 Using_FPGA_LUT6.Gen_Ret_Addr[16].WB_PC_FDE                         |    <0.001 |
|                 Using_FPGA_LUT6.Gen_Ret_Addr[17].I_RET_ADDR_WB                     |    <0.001 |
|                   Using_FPGA.Native                                                |    <0.001 |
|                 Using_FPGA_LUT6.Gen_Ret_Addr[17].MUXCY_XOR_I                       |    <0.001 |
|                 Using_FPGA_LUT6.Gen_Ret_Addr[17].WB_PC_FDE                         |    <0.001 |
|                 Using_FPGA_LUT6.Gen_Ret_Addr[18].I_RET_ADDR_WB                     |    <0.001 |
|                   Using_FPGA.Native                                                |    <0.001 |
|                 Using_FPGA_LUT6.Gen_Ret_Addr[18].MUXCY_XOR_I                       |    <0.001 |
|                 Using_FPGA_LUT6.Gen_Ret_Addr[18].WB_PC_FDE                         |    <0.001 |
|                 Using_FPGA_LUT6.Gen_Ret_Addr[19].I_RET_ADDR_WB                     |    <0.001 |
|                   Using_FPGA.Native                                                |    <0.001 |
|                 Using_FPGA_LUT6.Gen_Ret_Addr[19].MUXCY_XOR_I                       |    <0.001 |
|                 Using_FPGA_LUT6.Gen_Ret_Addr[19].WB_PC_FDE                         |    <0.001 |
|                 Using_FPGA_LUT6.Gen_Ret_Addr[1].I_RET_ADDR_WB                      |    <0.001 |
|                   Using_FPGA.Native                                                |    <0.001 |
|                 Using_FPGA_LUT6.Gen_Ret_Addr[1].MUXCY_XOR_I                        |     0.000 |
|                 Using_FPGA_LUT6.Gen_Ret_Addr[1].WB_PC_FDE                          |    <0.001 |
|                 Using_FPGA_LUT6.Gen_Ret_Addr[20].I_RET_ADDR_WB                     |    <0.001 |
|                   Using_FPGA.Native                                                |    <0.001 |
|                 Using_FPGA_LUT6.Gen_Ret_Addr[20].MUXCY_XOR_I                       |    <0.001 |
|                 Using_FPGA_LUT6.Gen_Ret_Addr[20].WB_PC_FDE                         |    <0.001 |
|                 Using_FPGA_LUT6.Gen_Ret_Addr[21].I_RET_ADDR_WB                     |    <0.001 |
|                   Using_FPGA.Native                                                |    <0.001 |
|                 Using_FPGA_LUT6.Gen_Ret_Addr[21].MUXCY_XOR_I                       |    <0.001 |
|                 Using_FPGA_LUT6.Gen_Ret_Addr[21].WB_PC_FDE                         |    <0.001 |
|                 Using_FPGA_LUT6.Gen_Ret_Addr[22].I_RET_ADDR_WB                     |    <0.001 |
|                   Using_FPGA.Native                                                |    <0.001 |
|                 Using_FPGA_LUT6.Gen_Ret_Addr[22].MUXCY_XOR_I                       |    <0.001 |
|                 Using_FPGA_LUT6.Gen_Ret_Addr[22].WB_PC_FDE                         |    <0.001 |
|                 Using_FPGA_LUT6.Gen_Ret_Addr[23].I_RET_ADDR_WB                     |    <0.001 |
|                   Using_FPGA.Native                                                |    <0.001 |
|                 Using_FPGA_LUT6.Gen_Ret_Addr[23].MUXCY_XOR_I                       |    <0.001 |
|                 Using_FPGA_LUT6.Gen_Ret_Addr[23].WB_PC_FDE                         |    <0.001 |
|                 Using_FPGA_LUT6.Gen_Ret_Addr[24].I_RET_ADDR_WB                     |    <0.001 |
|                   Using_FPGA.Native                                                |    <0.001 |
|                 Using_FPGA_LUT6.Gen_Ret_Addr[24].MUXCY_XOR_I                       |    <0.001 |
|                 Using_FPGA_LUT6.Gen_Ret_Addr[24].WB_PC_FDE                         |    <0.001 |
|                 Using_FPGA_LUT6.Gen_Ret_Addr[25].I_RET_ADDR_WB                     |    <0.001 |
|                   Using_FPGA.Native                                                |    <0.001 |
|                 Using_FPGA_LUT6.Gen_Ret_Addr[25].MUXCY_XOR_I                       |     0.000 |
|                 Using_FPGA_LUT6.Gen_Ret_Addr[25].WB_PC_FDE                         |    <0.001 |
|                 Using_FPGA_LUT6.Gen_Ret_Addr[26].I_RET_ADDR_WB                     |    <0.001 |
|                   Using_FPGA.Native                                                |    <0.001 |
|                 Using_FPGA_LUT6.Gen_Ret_Addr[26].MUXCY_XOR_I                       |     0.000 |
|                 Using_FPGA_LUT6.Gen_Ret_Addr[26].WB_PC_FDE                         |    <0.001 |
|                 Using_FPGA_LUT6.Gen_Ret_Addr[27].I_RET_ADDR_WB                     |    <0.001 |
|                   Using_FPGA.Native                                                |    <0.001 |
|                 Using_FPGA_LUT6.Gen_Ret_Addr[27].MUXCY_XOR_I                       |     0.000 |
|                 Using_FPGA_LUT6.Gen_Ret_Addr[27].WB_PC_FDE                         |    <0.001 |
|                 Using_FPGA_LUT6.Gen_Ret_Addr[28].I_RET_ADDR_WB                     |    <0.001 |
|                   Using_FPGA.Native                                                |    <0.001 |
|                 Using_FPGA_LUT6.Gen_Ret_Addr[28].MUXCY_XOR_I                       |    <0.001 |
|                 Using_FPGA_LUT6.Gen_Ret_Addr[28].WB_PC_FDE                         |    <0.001 |
|                 Using_FPGA_LUT6.Gen_Ret_Addr[29].I_RET_ADDR_WB                     |    <0.001 |
|                   Using_FPGA.Native                                                |    <0.001 |
|                 Using_FPGA_LUT6.Gen_Ret_Addr[29].MUXCY_XOR_I                       |     0.000 |
|                 Using_FPGA_LUT6.Gen_Ret_Addr[29].WB_PC_FDE                         |    <0.001 |
|                 Using_FPGA_LUT6.Gen_Ret_Addr[2].I_RET_ADDR_WB                      |    <0.001 |
|                   Using_FPGA.Native                                                |    <0.001 |
|                 Using_FPGA_LUT6.Gen_Ret_Addr[2].MUXCY_XOR_I                        |     0.000 |
|                 Using_FPGA_LUT6.Gen_Ret_Addr[2].WB_PC_FDE                          |    <0.001 |
|                 Using_FPGA_LUT6.Gen_Ret_Addr[30].I_RET_ADDR_WB                     |    <0.001 |
|                   Using_FPGA.Native                                                |    <0.001 |
|                 Using_FPGA_LUT6.Gen_Ret_Addr[30].MUXCY_XOR_I                       |     0.000 |
|                 Using_FPGA_LUT6.Gen_Ret_Addr[30].WB_PC_FDE                         |    <0.001 |
|                 Using_FPGA_LUT6.Gen_Ret_Addr[31].I_RET_ADDR_WB                     |    <0.001 |
|                   Using_FPGA.Native                                                |    <0.001 |
|                 Using_FPGA_LUT6.Gen_Ret_Addr[31].MUXCY_XOR_I                       |     0.000 |
|                 Using_FPGA_LUT6.Gen_Ret_Addr[31].WB_PC_FDE                         |    <0.001 |
|                 Using_FPGA_LUT6.Gen_Ret_Addr[3].I_RET_ADDR_WB                      |    <0.001 |
|                   Using_FPGA.Native                                                |    <0.001 |
|                 Using_FPGA_LUT6.Gen_Ret_Addr[3].MUXCY_XOR_I                        |     0.000 |
|                 Using_FPGA_LUT6.Gen_Ret_Addr[3].WB_PC_FDE                          |    <0.001 |
|                 Using_FPGA_LUT6.Gen_Ret_Addr[4].I_RET_ADDR_WB                      |    <0.001 |
|                   Using_FPGA.Native                                                |    <0.001 |
|                 Using_FPGA_LUT6.Gen_Ret_Addr[4].MUXCY_XOR_I                        |    <0.001 |
|                 Using_FPGA_LUT6.Gen_Ret_Addr[4].WB_PC_FDE                          |    <0.001 |
|                 Using_FPGA_LUT6.Gen_Ret_Addr[5].I_RET_ADDR_WB                      |    <0.001 |
|                   Using_FPGA.Native                                                |    <0.001 |
|                 Using_FPGA_LUT6.Gen_Ret_Addr[5].MUXCY_XOR_I                        |     0.000 |
|                 Using_FPGA_LUT6.Gen_Ret_Addr[5].WB_PC_FDE                          |    <0.001 |
|                 Using_FPGA_LUT6.Gen_Ret_Addr[6].I_RET_ADDR_WB                      |    <0.001 |
|                   Using_FPGA.Native                                                |    <0.001 |
|                 Using_FPGA_LUT6.Gen_Ret_Addr[6].MUXCY_XOR_I                        |     0.000 |
|                 Using_FPGA_LUT6.Gen_Ret_Addr[6].WB_PC_FDE                          |    <0.001 |
|                 Using_FPGA_LUT6.Gen_Ret_Addr[7].I_RET_ADDR_WB                      |    <0.001 |
|                   Using_FPGA.Native                                                |    <0.001 |
|                 Using_FPGA_LUT6.Gen_Ret_Addr[7].MUXCY_XOR_I                        |     0.000 |
|                 Using_FPGA_LUT6.Gen_Ret_Addr[7].WB_PC_FDE                          |    <0.001 |
|                 Using_FPGA_LUT6.Gen_Ret_Addr[8].I_RET_ADDR_WB                      |    <0.001 |
|                   Using_FPGA.Native                                                |    <0.001 |
|                 Using_FPGA_LUT6.Gen_Ret_Addr[8].MUXCY_XOR_I                        |    <0.001 |
|                 Using_FPGA_LUT6.Gen_Ret_Addr[8].WB_PC_FDE                          |    <0.001 |
|                 Using_FPGA_LUT6.Gen_Ret_Addr[9].I_RET_ADDR_WB                      |    <0.001 |
|                   Using_FPGA.Native                                                |    <0.001 |
|                 Using_FPGA_LUT6.Gen_Ret_Addr[9].MUXCY_XOR_I                        |     0.000 |
|                 Using_FPGA_LUT6.Gen_Ret_Addr[9].WB_PC_FDE                          |    <0.001 |
|               msr_reg_i                                                            |    <0.001 |
|                 MEM_MSR_Bits[28].Using_FDR.MSR_I                                   |    <0.001 |
|                 MEM_MSR_Bits[29].Using_FDR.MSR_I                                   |    <0.001 |
|                 MEM_MSR_Bits[30].Using_FDR.MSR_I                                   |    <0.001 |
|                 OF_EX_MSR_Bits[28].Using_FDR.MSR_ex_I                              |    <0.001 |
|                 OF_EX_MSR_Bits[29].Using_FDR.MSR_ex_I                              |    <0.001 |
|                 OF_EX_MSR_Bits[30].Using_FDR.MSR_ex_I                              |    <0.001 |
|             Decode_I                                                               |     0.004 |
|               PC_Module_I                                                          |    <0.001 |
|                 Instruction_Prefetch_Mux[0].Gen_Instr_DFF                          |    <0.001 |
|                 Instruction_Prefetch_Mux[0].PC_Mux_MUXF7                           |    <0.001 |
|                 Instruction_Prefetch_Mux[10].Gen_Instr_DFF                         |    <0.001 |
|                 Instruction_Prefetch_Mux[10].PC_Mux_MUXF7                          |    <0.001 |
|                 Instruction_Prefetch_Mux[11].Gen_Instr_DFF                         |    <0.001 |
|                 Instruction_Prefetch_Mux[11].PC_Mux_MUXF7                          |    <0.001 |
|                 Instruction_Prefetch_Mux[12].Gen_Instr_DFF                         |    <0.001 |
|                 Instruction_Prefetch_Mux[12].PC_Mux_MUXF7                          |    <0.001 |
|                 Instruction_Prefetch_Mux[13].Gen_Instr_DFF                         |    <0.001 |
|                 Instruction_Prefetch_Mux[13].PC_Mux_MUXF7                          |    <0.001 |
|                 Instruction_Prefetch_Mux[14].Gen_Instr_DFF                         |    <0.001 |
|                 Instruction_Prefetch_Mux[14].PC_Mux_MUXF7                          |    <0.001 |
|                 Instruction_Prefetch_Mux[15].Gen_Instr_DFF                         |    <0.001 |
|                 Instruction_Prefetch_Mux[15].PC_Mux_MUXF7                          |    <0.001 |
|                 Instruction_Prefetch_Mux[16].Gen_Instr_DFF                         |    <0.001 |
|                 Instruction_Prefetch_Mux[16].PC_Mux_MUXF7                          |    <0.001 |
|                 Instruction_Prefetch_Mux[17].Gen_Instr_DFF                         |    <0.001 |
|                 Instruction_Prefetch_Mux[17].PC_Mux_MUXF7                          |    <0.001 |
|                 Instruction_Prefetch_Mux[18].Gen_Instr_DFF                         |    <0.001 |
|                 Instruction_Prefetch_Mux[18].PC_Mux_MUXF7                          |    <0.001 |
|                 Instruction_Prefetch_Mux[19].Gen_Instr_DFF                         |    <0.001 |
|                 Instruction_Prefetch_Mux[19].PC_Mux_MUXF7                          |    <0.001 |
|                 Instruction_Prefetch_Mux[1].Gen_Instr_DFF                          |    <0.001 |
|                 Instruction_Prefetch_Mux[1].PC_Mux_MUXF7                           |    <0.001 |
|                 Instruction_Prefetch_Mux[20].Gen_Instr_DFF                         |    <0.001 |
|                 Instruction_Prefetch_Mux[20].PC_Mux_MUXF7                          |    <0.001 |
|                 Instruction_Prefetch_Mux[21].Gen_Instr_DFF                         |    <0.001 |
|                 Instruction_Prefetch_Mux[21].PC_Mux_MUXF7                          |    <0.001 |
|                 Instruction_Prefetch_Mux[22].Gen_Instr_DFF                         |    <0.001 |
|                 Instruction_Prefetch_Mux[22].PC_Mux_MUXF7                          |    <0.001 |
|                 Instruction_Prefetch_Mux[23].Gen_Instr_DFF                         |    <0.001 |
|                 Instruction_Prefetch_Mux[23].PC_Mux_MUXF7                          |    <0.001 |
|                 Instruction_Prefetch_Mux[24].Gen_Instr_DFF                         |    <0.001 |
|                 Instruction_Prefetch_Mux[24].PC_Mux_MUXF7                          |    <0.001 |
|                 Instruction_Prefetch_Mux[25].Gen_Instr_DFF                         |    <0.001 |
|                 Instruction_Prefetch_Mux[25].PC_Mux_MUXF7                          |    <0.001 |
|                 Instruction_Prefetch_Mux[26].Gen_Instr_DFF                         |    <0.001 |
|                 Instruction_Prefetch_Mux[26].PC_Mux_MUXF7                          |    <0.001 |
|                 Instruction_Prefetch_Mux[27].Gen_Instr_DFF                         |    <0.001 |
|                 Instruction_Prefetch_Mux[27].PC_Mux_MUXF7                          |    <0.001 |
|                 Instruction_Prefetch_Mux[28].Gen_Instr_DFF                         |    <0.001 |
|                 Instruction_Prefetch_Mux[28].PC_Mux_MUXF7                          |    <0.001 |
|                 Instruction_Prefetch_Mux[29].Gen_Instr_DFF                         |    <0.001 |
|                 Instruction_Prefetch_Mux[29].PC_Mux_MUXF7                          |    <0.001 |
|                 Instruction_Prefetch_Mux[2].Gen_Instr_DFF                          |    <0.001 |
|                 Instruction_Prefetch_Mux[2].PC_Mux_MUXF7                           |    <0.001 |
|                 Instruction_Prefetch_Mux[30].Gen_Instr_DFF                         |    <0.001 |
|                 Instruction_Prefetch_Mux[30].PC_Mux_MUXF7                          |    <0.001 |
|                 Instruction_Prefetch_Mux[31].Gen_Instr_DFF                         |    <0.001 |
|                 Instruction_Prefetch_Mux[31].PC_Mux_MUXF7                          |    <0.001 |
|                 Instruction_Prefetch_Mux[3].Gen_Instr_DFF                          |    <0.001 |
|                 Instruction_Prefetch_Mux[3].PC_Mux_MUXF7                           |    <0.001 |
|                 Instruction_Prefetch_Mux[4].Gen_Instr_DFF                          |    <0.001 |
|                 Instruction_Prefetch_Mux[4].PC_Mux_MUXF7                           |    <0.001 |
|                 Instruction_Prefetch_Mux[5].Gen_Instr_DFF                          |    <0.001 |
|                 Instruction_Prefetch_Mux[5].PC_Mux_MUXF7                           |    <0.001 |
|                 Instruction_Prefetch_Mux[6].Gen_Instr_DFF                          |    <0.001 |
|                 Instruction_Prefetch_Mux[6].PC_Mux_MUXF7                           |    <0.001 |
|                 Instruction_Prefetch_Mux[7].Gen_Instr_DFF                          |    <0.001 |
|                 Instruction_Prefetch_Mux[7].PC_Mux_MUXF7                           |    <0.001 |
|                 Instruction_Prefetch_Mux[8].Gen_Instr_DFF                          |    <0.001 |
|                 Instruction_Prefetch_Mux[8].PC_Mux_MUXF7                           |    <0.001 |
|                 Instruction_Prefetch_Mux[9].Gen_Instr_DFF                          |    <0.001 |
|                 Instruction_Prefetch_Mux[9].PC_Mux_MUXF7                           |    <0.001 |
|                 Using_FPGA.Incr_PC[0].MUXCY_XOR_I                                  |    <0.001 |
|                 Using_FPGA.Incr_PC[10].MUXCY_XOR_I                                 |     0.000 |
|                 Using_FPGA.Incr_PC[11].MUXCY_XOR_I                                 |     0.000 |
|                 Using_FPGA.Incr_PC[12].MUXCY_XOR_I                                 |    <0.001 |
|                 Using_FPGA.Incr_PC[13].MUXCY_XOR_I                                 |     0.000 |
|                 Using_FPGA.Incr_PC[14].MUXCY_XOR_I                                 |     0.000 |
|                 Using_FPGA.Incr_PC[15].MUXCY_XOR_I                                 |     0.000 |
|                 Using_FPGA.Incr_PC[16].MUXCY_XOR_I                                 |    <0.001 |
|                 Using_FPGA.Incr_PC[17].MUXCY_XOR_I                                 |     0.000 |
|                 Using_FPGA.Incr_PC[18].MUXCY_XOR_I                                 |     0.000 |
|                 Using_FPGA.Incr_PC[19].MUXCY_XOR_I                                 |     0.000 |
|                 Using_FPGA.Incr_PC[1].MUXCY_XOR_I                                  |     0.000 |
|                 Using_FPGA.Incr_PC[20].MUXCY_XOR_I                                 |    <0.001 |
|                 Using_FPGA.Incr_PC[21].MUXCY_XOR_I                                 |     0.000 |
|                 Using_FPGA.Incr_PC[22].MUXCY_XOR_I                                 |     0.000 |
|                 Using_FPGA.Incr_PC[23].MUXCY_XOR_I                                 |     0.000 |
|                 Using_FPGA.Incr_PC[24].MUXCY_XOR_I                                 |    <0.001 |
|                 Using_FPGA.Incr_PC[25].MUXCY_XOR_I                                 |     0.000 |
|                 Using_FPGA.Incr_PC[26].MUXCY_XOR_I                                 |     0.000 |
|                 Using_FPGA.Incr_PC[27].MUXCY_XOR_I                                 |     0.000 |
|                 Using_FPGA.Incr_PC[28].MUXCY_XOR_I                                 |    <0.001 |
|                 Using_FPGA.Incr_PC[29].MUXCY_XOR_I                                 |     0.000 |
|                 Using_FPGA.Incr_PC[2].MUXCY_XOR_I                                  |     0.000 |
|                 Using_FPGA.Incr_PC[3].MUXCY_XOR_I                                  |     0.000 |
|                 Using_FPGA.Incr_PC[4].MUXCY_XOR_I                                  |    <0.001 |
|                 Using_FPGA.Incr_PC[5].MUXCY_XOR_I                                  |     0.000 |
|                 Using_FPGA.Incr_PC[6].MUXCY_XOR_I                                  |     0.000 |
|                 Using_FPGA.Incr_PC[7].MUXCY_XOR_I                                  |     0.000 |
|                 Using_FPGA.Incr_PC[8].MUXCY_XOR_I                                  |    <0.001 |
|                 Using_FPGA.Incr_PC[9].MUXCY_XOR_I                                  |     0.000 |
|               PreFetch_Buffer_I1                                                   |     0.002 |
|                 Gen_Mux_Select_LUT6[1].Gen_Sel_DFF                                 |    <0.001 |
|                 Gen_Mux_Select_LUT6[1].Mux_Select_LUT6                             |    <0.001 |
|                 Gen_Mux_Select_LUT6[2].Gen_Sel_DFF                                 |    <0.001 |
|                 Gen_Mux_Select_LUT6[2].Mux_Select_LUT6                             |    <0.001 |
|                 Gen_Mux_Select_LUT6[3].Gen_Sel_DFF                                 |    <0.001 |
|                 Gen_Mux_Select_LUT6[3].Mux_Select_LUT6                             |    <0.001 |
|                 Gen_Mux_Select_LUT6[4].Gen_Sel_DFF                                 |    <0.001 |
|                 Gen_Mux_Select_LUT6[4].Mux_Select_LUT6                             |    <0.001 |
|                 Gen_Mux_Select_LUT6[4].Using_ExtraMUX.Mux_Select_Delayslot_LUT6    |    <0.001 |
|                 Gen_Mux_Select_LUT6[4].Using_ExtraMUX.Sel_Mux_MUXF7                |    <0.001 |
|                 Instruction_Prefetch_Mux[0].Gen_Instr_DFF                          |    <0.001 |
|                 Instruction_Prefetch_Mux[0].Instr_Mux_MUXF7                        |    <0.001 |
|                 Instruction_Prefetch_Mux[10].Gen_Instr_DFF                         |    <0.001 |
|                 Instruction_Prefetch_Mux[10].Instr_Mux_MUXF7                       |    <0.001 |
|                 Instruction_Prefetch_Mux[11].Gen_Instr_DFF                         |    <0.001 |
|                 Instruction_Prefetch_Mux[11].Instr_Mux_MUXF7                       |    <0.001 |
|                 Instruction_Prefetch_Mux[12].Gen_Instr_DFF                         |    <0.001 |
|                 Instruction_Prefetch_Mux[12].Instr_Mux_MUXF7                       |    <0.001 |
|                 Instruction_Prefetch_Mux[13].Gen_Instr_DFF                         |    <0.001 |
|                 Instruction_Prefetch_Mux[13].Instr_Mux_MUXF7                       |    <0.001 |
|                 Instruction_Prefetch_Mux[14].Gen_Instr_DFF                         |    <0.001 |
|                 Instruction_Prefetch_Mux[14].Instr_Mux_MUXF7                       |    <0.001 |
|                 Instruction_Prefetch_Mux[15].Gen_Instr_DFF                         |    <0.001 |
|                 Instruction_Prefetch_Mux[15].Instr_Mux_MUXF7                       |    <0.001 |
|                 Instruction_Prefetch_Mux[16].Gen_Instr_DFF                         |    <0.001 |
|                 Instruction_Prefetch_Mux[16].Instr_Mux_MUXF7                       |    <0.001 |
|                 Instruction_Prefetch_Mux[17].Gen_Instr_DFF                         |    <0.001 |
|                 Instruction_Prefetch_Mux[17].Instr_Mux_MUXF7                       |    <0.001 |
|                 Instruction_Prefetch_Mux[18].Gen_Instr_DFF                         |    <0.001 |
|                 Instruction_Prefetch_Mux[18].Instr_Mux_MUXF7                       |    <0.001 |
|                 Instruction_Prefetch_Mux[19].Gen_Instr_DFF                         |    <0.001 |
|                 Instruction_Prefetch_Mux[19].Instr_Mux_MUXF7                       |    <0.001 |
|                 Instruction_Prefetch_Mux[1].Gen_Instr_DFF                          |    <0.001 |
|                 Instruction_Prefetch_Mux[1].Instr_Mux_MUXF7                        |    <0.001 |
|                 Instruction_Prefetch_Mux[20].Gen_Instr_DFF                         |    <0.001 |
|                 Instruction_Prefetch_Mux[20].Instr_Mux_MUXF7                       |    <0.001 |
|                 Instruction_Prefetch_Mux[21].Gen_Instr_DFF                         |    <0.001 |
|                 Instruction_Prefetch_Mux[21].Instr_Mux_MUXF7                       |    <0.001 |
|                 Instruction_Prefetch_Mux[22].Gen_Instr_DFF                         |    <0.001 |
|                 Instruction_Prefetch_Mux[22].Instr_Mux_MUXF7                       |    <0.001 |
|                 Instruction_Prefetch_Mux[23].Gen_Instr_DFF                         |    <0.001 |
|                 Instruction_Prefetch_Mux[23].Instr_Mux_MUXF7                       |    <0.001 |
|                 Instruction_Prefetch_Mux[24].Gen_Instr_DFF                         |    <0.001 |
|                 Instruction_Prefetch_Mux[24].Instr_Mux_MUXF7                       |    <0.001 |
|                 Instruction_Prefetch_Mux[25].Gen_Instr_DFF                         |    <0.001 |
|                 Instruction_Prefetch_Mux[25].Instr_Mux_MUXF7                       |    <0.001 |
|                 Instruction_Prefetch_Mux[26].Gen_Instr_DFF                         |    <0.001 |
|                 Instruction_Prefetch_Mux[26].Instr_Mux_MUXF7                       |    <0.001 |
|                 Instruction_Prefetch_Mux[27].Gen_Instr_DFF                         |    <0.001 |
|                 Instruction_Prefetch_Mux[27].Instr_Mux_MUXF7                       |    <0.001 |
|                 Instruction_Prefetch_Mux[28].Gen_Instr_DFF                         |    <0.001 |
|                 Instruction_Prefetch_Mux[28].Instr_Mux_MUXF7                       |    <0.001 |
|                 Instruction_Prefetch_Mux[29].Gen_Instr_DFF                         |    <0.001 |
|                 Instruction_Prefetch_Mux[29].Instr_Mux_MUXF7                       |    <0.001 |
|                 Instruction_Prefetch_Mux[2].Gen_Instr_DFF                          |    <0.001 |
|                 Instruction_Prefetch_Mux[2].Instr_Mux_MUXF7                        |    <0.001 |
|                 Instruction_Prefetch_Mux[30].Gen_Instr_DFF                         |    <0.001 |
|                 Instruction_Prefetch_Mux[30].Instr_Mux_MUXF7                       |    <0.001 |
|                 Instruction_Prefetch_Mux[31].Gen_Instr_DFF                         |    <0.001 |
|                 Instruction_Prefetch_Mux[31].Instr_Mux_MUXF7                       |    <0.001 |
|                 Instruction_Prefetch_Mux[32].Gen_Instr_DFF                         |    <0.001 |
|                 Instruction_Prefetch_Mux[32].Instr_Mux_MUXF7                       |    <0.001 |
|                 Instruction_Prefetch_Mux[33].Gen_Instr_DFF                         |    <0.001 |
|                 Instruction_Prefetch_Mux[33].Instr_Mux_MUXF7                       |    <0.001 |
|                 Instruction_Prefetch_Mux[34].Gen_Instr_DFF                         |    <0.001 |
|                 Instruction_Prefetch_Mux[34].Instr_Mux_MUXF7                       |    <0.001 |
|                 Instruction_Prefetch_Mux[35].Gen_Instr_DFF                         |    <0.001 |
|                 Instruction_Prefetch_Mux[35].Instr_Mux_MUXF7                       |    <0.001 |
|                 Instruction_Prefetch_Mux[36].Gen_Instr_DFF                         |    <0.001 |
|                 Instruction_Prefetch_Mux[36].Instr_Mux_MUXF7                       |    <0.001 |
|                 Instruction_Prefetch_Mux[37].Gen_Instr_DFF                         |    <0.001 |
|                 Instruction_Prefetch_Mux[37].Instr_Mux_MUXF7                       |    <0.001 |
|                 Instruction_Prefetch_Mux[38].Gen_Instr_DFF                         |    <0.001 |
|                 Instruction_Prefetch_Mux[38].Instr_Mux_MUXF7                       |    <0.001 |
|                 Instruction_Prefetch_Mux[39].Gen_Instr_DFF                         |    <0.001 |
|                 Instruction_Prefetch_Mux[39].Instr_Mux_MUXF7                       |    <0.001 |
|                 Instruction_Prefetch_Mux[3].Gen_Instr_DFF                          |    <0.001 |
|                 Instruction_Prefetch_Mux[3].Instr_Mux_MUXF7                        |    <0.001 |
|                 Instruction_Prefetch_Mux[40].Gen_Instr_DFF                         |    <0.001 |
|                 Instruction_Prefetch_Mux[40].Instr_Mux_MUXF7                       |    <0.001 |
|                 Instruction_Prefetch_Mux[41].Gen_Instr_DFF                         |    <0.001 |
|                 Instruction_Prefetch_Mux[41].Instr_Mux_MUXF7                       |    <0.001 |
|                 Instruction_Prefetch_Mux[42].Gen_Instr_DFF                         |    <0.001 |
|                 Instruction_Prefetch_Mux[42].Instr_Mux_MUXF7                       |    <0.001 |
|                 Instruction_Prefetch_Mux[4].Gen_Instr_DFF                          |    <0.001 |
|                 Instruction_Prefetch_Mux[4].Instr_Mux_MUXF7                        |    <0.001 |
|                 Instruction_Prefetch_Mux[5].Gen_Instr_DFF                          |    <0.001 |
|                 Instruction_Prefetch_Mux[5].Instr_Mux_MUXF7                        |    <0.001 |
|                 Instruction_Prefetch_Mux[6].Gen_Instr_DFF                          |    <0.001 |
|                 Instruction_Prefetch_Mux[6].Instr_Mux_MUXF7                        |    <0.001 |
|                 Instruction_Prefetch_Mux[7].Gen_Instr_DFF                          |    <0.001 |
|                 Instruction_Prefetch_Mux[7].Instr_Mux_MUXF7                        |    <0.001 |
|                 Instruction_Prefetch_Mux[8].Gen_Instr_DFF                          |    <0.001 |
|                 Instruction_Prefetch_Mux[8].Instr_Mux_MUXF7                        |    <0.001 |
|                 Instruction_Prefetch_Mux[9].Gen_Instr_DFF                          |    <0.001 |
|                 Instruction_Prefetch_Mux[9].Instr_Mux_MUXF7                        |    <0.001 |
|                 Last_Sel_DFF                                                       |    <0.001 |
|                 Mux_Select_Empty_LUT6                                              |    <0.001 |
|                 Mux_Select_OF_Valid_LUT6                                           |    <0.001 |
|                 OF_Valid_DFF                                                       |    <0.001 |
|               Use_MuxCy[10].OF_Piperun_Stage                                       |    <0.001 |
|                 MUXCY_I                                                            |    <0.001 |
|               Use_MuxCy[11].OF_Piperun_Stage                                       |    <0.001 |
|                 MUXCY_I                                                            |    <0.001 |
|               Use_MuxCy[1].OF_Piperun_Stage                                        |     0.000 |
|                 MUXCY_I                                                            |     0.000 |
|               Use_MuxCy[2].OF_Piperun_Stage                                        |    <0.001 |
|                 MUXCY_I                                                            |    <0.001 |
|               Use_MuxCy[3].OF_Piperun_Stage                                        |    <0.001 |
|                 MUXCY_I                                                            |    <0.001 |
|               Use_MuxCy[4].OF_Piperun_Stage                                        |     0.000 |
|                 MUXCY_I                                                            |     0.000 |
|               Use_MuxCy[5].OF_Piperun_Stage                                        |     0.000 |
|                 MUXCY_I                                                            |     0.000 |
|               Use_MuxCy[6].OF_Piperun_Stage                                        |    <0.001 |
|                 MUXCY_I                                                            |    <0.001 |
|               Use_MuxCy[7].OF_Piperun_Stage                                        |     0.000 |
|                 MUXCY_I                                                            |     0.000 |
|               Use_MuxCy[8].OF_Piperun_Stage                                        |     0.000 |
|                 MUXCY_I                                                            |     0.000 |
|               Use_MuxCy[9].OF_Piperun_Stage                                        |     0.000 |
|                 MUXCY_I                                                            |     0.000 |
|               Using_FPGA.Gen_Bits[28].MEM_EX_Result_Inst                           |    <0.001 |
|               Using_FPGA.Gen_Bits[31].MEM_EX_Result_Inst                           |    <0.001 |
|               Using_FPGA_2.ex_byte_access_i_Inst                                   |    <0.001 |
|               Using_FPGA_2.ex_doublet_access_i_Inst                                |    <0.001 |
|               Using_FPGA_2.ex_is_load_instr_Inst                                   |    <0.001 |
|               Using_FPGA_2.ex_is_lwx_instr_Inst                                    |    <0.001 |
|               Using_FPGA_2.ex_is_swx_instr_Inst                                    |    <0.001 |
|               Using_FPGA_2.ex_load_store_instr_Inst                                |    <0.001 |
|               Using_FPGA_2.ex_reverse_mem_access_inst                              |    <0.001 |
|               Using_FPGA_3.ex_clear_MSR_BIP_instr_Inst                             |    <0.001 |
|               Using_FPGA_3.of_clear_MSR_BIP_hold_Inst                              |    <0.001 |
|               Using_FPGA_4.of_read_ex_write_op1_conflict_INST1                     |    <0.001 |
|               Using_FPGA_4.of_read_ex_write_op1_conflict_INST2                     |    <0.001 |
|               Using_FPGA_4.of_read_ex_write_op2_conflict_INST1                     |    <0.001 |
|               Using_FPGA_4.of_read_ex_write_op2_conflict_INST2                     |    <0.001 |
|               Using_FPGA_4.of_read_ex_write_op3_conflict_INST1                     |    <0.001 |
|               Using_FPGA_4.of_read_ex_write_op3_conflict_INST2                     |    <0.001 |
|               Using_FPGA_4.of_read_mem_write_op1_conflict_INST1                    |    <0.001 |
|               Using_FPGA_4.of_read_mem_write_op1_conflict_INST2                    |    <0.001 |
|               Using_FPGA_4.of_read_mem_write_op2_conflict_INST1                    |    <0.001 |
|               Using_FPGA_4.of_read_mem_write_op2_conflict_INST2                    |    <0.001 |
|               Using_FPGA_4.of_read_mem_write_op3_conflict_INST1                    |    <0.001 |
|               Using_FPGA_4.of_read_mem_write_op3_conflict_INST2                    |    <0.001 |
|               Using_PC_Incr_Dbg_or_Prot.if_pc_incr_carry_and_1                     |     0.000 |
|                 MUXCY_I                                                            |     0.000 |
|               if_pc_incr_carry_and_0                                               |    <0.001 |
|                 MUXCY_I                                                            |    <0.001 |
|               if_pc_incr_carry_and_3                                               |     0.000 |
|                 MUXCY_I                                                            |     0.000 |
|               jump_logic_I1                                                        |    <0.001 |
|                 MUXCY_JUMP_CARRY                                                   |    <0.001 |
|                 MUXCY_JUMP_CARRY2                                                  |    <0.001 |
|                 MUXCY_JUMP_CARRY3                                                  |    <0.001 |
|                 MUXCY_JUMP_CARRY4                                                  |    <0.001 |
|                 MUXCY_JUMP_CARRY5                                                  |     0.000 |
|                 MUXCY_JUMP_CARRY6                                                  |    <0.001 |
|               mem_PipeRun_carry_and                                                |    <0.001 |
|                 MUXCY_I                                                            |    <0.001 |
|               mem_wait_on_ready_N_carry_or                                         |    <0.001 |
|                 MUXCY_I                                                            |    <0.001 |
|             Use_DBUS.DAXI_Interface_I1                                             |    <0.001 |
|             Use_DLMB.Using_Latch_AS_Logic.AND2B1L_I1                               |    <0.001 |
|             Use_Debug_Logic.Master_Core.Debug_Perf                                 |    <0.001 |
|               Serial_Dbg_Intf.SRL16E_1                                             |    <0.001 |
|               Serial_Dbg_Intf.SRL16E_3                                             |    <0.001 |
|               Serial_Dbg_Intf.SRL16E_4                                             |    <0.001 |
|               Serial_Dbg_Intf.SRL16E_7                                             |     0.000 |
|               Serial_Dbg_Intf.The_Cache_Addresses[1].SRL16E_Cache_I                |    <0.001 |
|               Serial_Dbg_Intf.The_Cache_Addresses[2].SRL16E_Cache_I                |    <0.001 |
|               Serial_Dbg_Intf.The_Cache_Addresses[5].SRL16E_Cache_I                |    <0.001 |
|               Serial_Dbg_Intf.The_Cache_Addresses[6].SRL16E_Cache_I                |    <0.001 |
|               Serial_Dbg_Intf.sync_dbg_brk_hit                                     |    <0.001 |
|               Serial_Dbg_Intf.sync_dbg_hit                                         |    <0.001 |
|                 sync_bits[0].sync_bit                                              |    <0.001 |
|               Serial_Dbg_Intf.sync_pause                                           |     0.000 |
|               Serial_Dbg_Intf.sync_running_clock                                   |    <0.001 |
|               Serial_Dbg_Intf.sync_sample                                          |    <0.001 |
|                 sync_bits[0].sync_bit                                              |    <0.001 |
|                 sync_bits[1].sync_bit                                              |    <0.001 |
|                 sync_bits[2].sync_bit                                              |    <0.001 |
|                 sync_bits[3].sync_bit                                              |    <0.001 |
|                 sync_bits[4].sync_bit                                              |    <0.001 |
|                 sync_bits[5].sync_bit                                              |    <0.001 |
|                 sync_bits[6].sync_bit                                              |    <0.001 |
|                 sync_bits[7].sync_bit                                              |    <0.001 |
|               Serial_Dbg_Intf.sync_sleep                                           |    <0.001 |
|               Serial_Dbg_Intf.sync_stop_CPU                                        |    <0.001 |
|               Using_PC_Breakpoints.All_PC_Brks[0].Serial_Interface_1.address_hit_I |    <0.001 |
|                 Compare[0].MUXCY_I                                                 |    <0.001 |
|                 Compare[0].SRLC16E_I                                               |    <0.001 |
|                 Compare[1].MUXCY_I                                                 |     0.000 |
|                 Compare[1].SRLC16E_I                                               |    <0.001 |
|                 Compare[2].MUXCY_I                                                 |     0.000 |
|                 Compare[2].SRLC16E_I                                               |    <0.001 |
|                 Compare[3].MUXCY_I                                                 |     0.000 |
|                 Compare[3].SRLC16E_I                                               |    <0.001 |
|                 Compare[4].MUXCY_I                                                 |    <0.001 |
|                 Compare[4].SRLC16E_I                                               |    <0.001 |
|                 Compare[5].MUXCY_I                                                 |     0.000 |
|                 Compare[5].SRLC16E_I                                               |    <0.001 |
|                 Compare[6].MUXCY_I                                                 |     0.000 |
|                 Compare[6].SRLC16E_I                                               |    <0.001 |
|                 Compare[7].MUXCY_I                                                 |     0.000 |
|                 Compare[7].SRLC16E_I                                               |    <0.001 |
|                 The_First_BreakPoints.MUXCY_Post                                   |    <0.001 |
|             instr_mux_I                                                            |    <0.001 |
|               Mux_LD.LD_inst                                                       |    <0.001 |
|                 Mux_Loop[0].I_MUX_LUT6                                             |    <0.001 |
|                   Using_FPGA.Native                                                |    <0.001 |
|                 Mux_Loop[10].I_MUX_LUT6                                            |    <0.001 |
|                   Using_FPGA.Native                                                |    <0.001 |
|                 Mux_Loop[11].I_MUX_LUT6                                            |    <0.001 |
|                   Using_FPGA.Native                                                |    <0.001 |
|                 Mux_Loop[12].I_MUX_LUT6                                            |    <0.001 |
|                   Using_FPGA.Native                                                |    <0.001 |
|                 Mux_Loop[13].I_MUX_LUT6                                            |    <0.001 |
|                   Using_FPGA.Native                                                |    <0.001 |
|                 Mux_Loop[14].I_MUX_LUT6                                            |    <0.001 |
|                   Using_FPGA.Native                                                |    <0.001 |
|                 Mux_Loop[15].I_MUX_LUT6                                            |    <0.001 |
|                   Using_FPGA.Native                                                |    <0.001 |
|                 Mux_Loop[1].I_MUX_LUT6                                             |    <0.001 |
|                   Using_FPGA.Native                                                |    <0.001 |
|                 Mux_Loop[2].I_MUX_LUT6                                             |    <0.001 |
|                   Using_FPGA.Native                                                |    <0.001 |
|                 Mux_Loop[3].I_MUX_LUT6                                             |    <0.001 |
|                   Using_FPGA.Native                                                |    <0.001 |
|                 Mux_Loop[4].I_MUX_LUT6                                             |    <0.001 |
|                   Using_FPGA.Native                                                |    <0.001 |
|                 Mux_Loop[5].I_MUX_LUT6                                             |    <0.001 |
|                   Using_FPGA.Native                                                |    <0.001 |
|                 Mux_Loop[6].I_MUX_LUT6                                             |    <0.001 |
|                   Using_FPGA.Native                                                |    <0.001 |
|                 Mux_Loop[7].I_MUX_LUT6                                             |    <0.001 |
|                   Using_FPGA.Native                                                |    <0.001 |
|                 Mux_Loop[8].I_MUX_LUT6                                             |    <0.001 |
|                   Using_FPGA.Native                                                |    <0.001 |
|                 Mux_Loop[9].I_MUX_LUT6                                             |    <0.001 |
|                   Using_FPGA.Native                                                |    <0.001 |
|             mem_databus_ready_sel_carry_or                                         |    <0.001 |
|               MUXCY_I                                                              |    <0.001 |
|           Reset_DFF                                                                |    <0.001 |
|           Using_Async_Wakeup_0.Wakeup_DFF                                          |    <0.001 |
|           Using_Async_Wakeup_1.Wakeup_DFF                                          |    <0.001 |
|     microblaze_0_axi_periph                                                        |    <0.001 |
|       xbar                                                                         |    <0.001 |
|         inst                                                                       |    <0.001 |
|           gen_sasd.crossbar_sasd_0                                                 |    <0.001 |
|             addr_arbiter_inst                                                      |    <0.001 |
|             gen_decerr.decerr_slave_inst                                           |    <0.001 |
|             reg_slice_r                                                            |    <0.001 |
|             splitter_ar                                                            |    <0.001 |
|             splitter_aw                                                            |    <0.001 |
|     microblaze_0_local_memory                                                      |     0.004 |
|       dlmb_bram_if_cntlr                                                           |    <0.001 |
|         U0                                                                         |    <0.001 |
|       dlmb_v10                                                                     |     0.000 |
|         U0                                                                         |     0.000 |
|       ilmb_bram_if_cntlr                                                           |    <0.001 |
|         U0                                                                         |    <0.001 |
|       ilmb_v10                                                                     |     0.000 |
|         U0                                                                         |     0.000 |
|       lmb_bram                                                                     |     0.004 |
|         U0                                                                         |     0.004 |
|           inst_blk_mem_gen                                                         |     0.004 |
|             gnbram.gnative_mem_map_bmg.native_mem_map_blk_mem_gen                  |     0.004 |
|               valid.cstr                                                           |     0.004 |
|                 ramloop[0].ram.r                                                   |    <0.001 |
|                   prim_noinit.ram                                                  |    <0.001 |
|                 ramloop[1].ram.r                                                   |    <0.001 |
|                   prim_noinit.ram                                                  |    <0.001 |
|                 ramloop[2].ram.r                                                   |    <0.001 |
|                   prim_noinit.ram                                                  |    <0.001 |
|                 ramloop[3].ram.r                                                   |    <0.001 |
|                   prim_noinit.ram                                                  |    <0.001 |
|                 ramloop[4].ram.r                                                   |    <0.001 |
|                   prim_noinit.ram                                                  |    <0.001 |
|                 ramloop[5].ram.r                                                   |    <0.001 |
|                   prim_noinit.ram                                                  |    <0.001 |
|                 ramloop[6].ram.r                                                   |    <0.001 |
|                   prim_noinit.ram                                                  |    <0.001 |
|                 ramloop[7].ram.r                                                   |    <0.001 |
|                   prim_noinit.ram                                                  |    <0.001 |
|     rst_clk_wiz_1_100M                                                             |    <0.001 |
|       U0                                                                           |    <0.001 |
|         EXT_LPF                                                                    |    <0.001 |
|           ACTIVE_LOW_AUX.ACT_LO_AUX                                                |    <0.001 |
|           ACTIVE_LOW_EXT.ACT_LO_EXT                                                |    <0.001 |
|         SEQ                                                                        |    <0.001 |
|           SEQ_COUNTER                                                              |    <0.001 |
|   u_bram_1                                                                         |     0.002 |
+------------------------------------------------------------------------------------+-----------+


